// Jest Snapshot v1, https://goo.gl/fbAQLP

exports[`PipelineFailed should render error message with a disabled merge button 1`] = `
<div
  class="mr-widget-body media"
>
  <status-icon-stub
    show-disabled-button=""
    status="warning"
  />
   
  <div
    class="media-body space-children"
  >
    <span
      class="gl-ml-0! gl-text-body! bold"
    >
      <gl-sprintf-stub
        message="Merge blocked: pipeline must succeed. Push a commit that fixes the failure, or %{linkStart}learn about other solutions.%{linkEnd}"
      />
    </span>
  </div>
</div>
`;
